// Jest Snapshot v1, https://goo.gl/fbAQLP

exports[`<PhaseBody /> with phase = DEMON_ACTION should match snapshot 1`] = `<Connect(InitiativePhaseContainer) />`;

exports[`<PhaseBody /> with phase = HUMAN_ACTION should match snapshot 1`] = `<Connect(HumanActionPhaseContainer) />`;

exports[`<PhaseBody /> with phase = INITIATIVE should match snapshot 1`] = `<Connect(InitiativePhaseContainer) />`;

exports[`<PhaseBody /> with phase = THREAT should match snapshot 1`] = `<Connect(ThreatPhaseContainer) />`;
